Configuration file: /home/kali/Documents/sagar-bhattarai.github.io/_config.yml
            Source: /home/kali/Documents/sagar-bhattarai.github.io
       Destination: /home/kali/Documents/sagar-bhattarai.github.io/_site
 Incremental build: disabled. Enable with --incremental
      Generating... 
[31m  Liquid Exception: no implicit conversion of nil into String in /home/kali/.local/share/gem/gems/jekyll-theme-chirpy-7.6.0/_layouts/default.html[0m
bundler: failed to load command: jekyll (/home/kali/.local/share/gem/bin/jekyll)
/home/kali/.local/share/gem/gems/jekyll-seo-tag-2.9.0/lib/jekyll-seo-tag/drop.rb:85:in `+': no implicit conversion of nil into String (TypeError)

        return page_number + @title if page_number
                             ^^^^^^
	from /home/kali/.local/share/gem/gems/jekyll-seo-tag-2.9.0/lib/jekyll-seo-tag/drop.rb:85:in `title'
	from /home/kali/.local/share/gem/gems/jekyll-seo-tag-2.9.0/lib/jekyll-seo-tag/drop.rb:30:in `title?'
	from /home/kali/.local/share/gem/gems/jekyll-4.4.1/lib/jekyll/drops/drop.rb:128:in `public_send'
	from /home/kali/.local/share/gem/gems/jekyll-4.4.1/lib/jekyll/drops/drop.rb:128:in `[]'
	from /home/kali/.local/share/gem/gems/liquid-4.0.4/lib/liquid/context.rb:197:in `lookup_and_evaluate'
	from /home/kali/.local/share/gem/gems/liquid-4.0.4/lib/liquid/variable_lookup.rb:48:in `block in evaluate'
	from /home/kali/.local/share/gem/gems/liquid-4.0.4/lib/liquid/variable_lookup.rb:38:in `each_index'
	from /home/kali/.local/share/gem/gems/liquid-4.0.4/lib/liquid/variable_lookup.rb:38:in `evaluate'
	from /home/kali/.local/share/gem/gems/liquid-4.0.4/lib/liquid/context.rb:159:in `evaluate'
	from /home/kali/.local/share/gem/gems/liquid-4.0.4/lib/liquid/condition.rb:114:in `interpret_condition'
	from /home/kali/.local/share/gem/gems/liquid-4.0.4/lib/liquid/condition.rb:47:in `block in evaluate'
	from <internal:kernel>:187:in `loop'
	from /home/kali/.local/share/gem/gems/liquid-4.0.4/lib/liquid/condition.rb:46:in `evaluate'
	from /home/kali/.local/share/gem/gems/liquid-4.0.4/lib/liquid/tags/if.rb:45:in `block (2 levels) in render'
	from /home/kali/.local/share/gem/gems/liquid-4.0.4/lib/liquid/tags/if.rb:44:in `each'
	from /home/kali/.local/share/gem/gems/liquid-4.0.4/lib/liquid/tags/if.rb:44:in `block in render'
	from /home/kali/.local/share/gem/gems/liquid-4.0.4/lib/liquid/context.rb:123:in `stack'
	from /home/kali/.local/share/gem/gems/liquid-4.0.4/lib/liquid/tags/if.rb:43:in `render'
	from /home/kali/.local/share/gem/gems/liquid-4.0.4/lib/liquid/block_body.rb:103:in `render_node_to_output'
	from /home/kali/.local/share/gem/gems/liquid-4.0.4/lib/liquid/block_body.rb:82:in `render'
	from /home/kali/.local/share/gem/gems/liquid-4.0.4/lib/liquid/template.rb:206:in `block in render'
	from /home/kali/.local/share/gem/gems/liquid-4.0.4/lib/liquid/template.rb:240:in `with_profiling'
	from /home/kali/.local/share/gem/gems/liquid-4.0.4/lib/liquid/template.rb:205:in `render'
	from /home/kali/.local/share/gem/gems/liquid-4.0.4/lib/liquid/template.rb:218:in `render!'
	from /home/kali/.local/share/gem/gems/jekyll-seo-tag-2.9.0/lib/jekyll-seo-tag.rb:36:in `render'
	from /home/kali/.local/share/gem/gems/liquid-4.0.4/lib/liquid/block_body.rb:103:in `render_node_to_output'
	from /home/kali/.local/share/gem/gems/liquid-4.0.4/lib/liquid/block_body.rb:91:in `render'
	from /home/kali/.local/share/gem/gems/liquid-4.0.4/lib/liquid/block.rb:17:in `render'
	from /home/kali/.local/share/gem/gems/liquid-4.0.4/lib/liquid/tags/capture.rb:26:in `render'
	from /home/kali/.local/share/gem/gems/liquid-4.0.4/lib/liquid/block_body.rb:103:in `render_node_to_output'
	from /home/kali/.local/share/gem/gems/liquid-4.0.4/lib/liquid/block_body.rb:82:in `render'
	from /home/kali/.local/share/gem/gems/liquid-4.0.4/lib/liquid/template.rb:206:in `block in render'
	from /home/kali/.local/share/gem/gems/liquid-4.0.4/lib/liquid/template.rb:240:in `with_profiling'
	from /home/kali/.local/share/gem/gems/liquid-4.0.4/lib/liquid/template.rb:205:in `render'
	from /home/kali/.local/share/gem/gems/liquid-4.0.4/lib/liquid/template.rb:218:in `render!'
	from /home/kali/.local/share/gem/gems/jekyll-4.4.1/lib/jekyll/liquid_renderer/file.rb:39:in `block (3 levels) in render!'
	from /home/kali/.local/share/gem/gems/jekyll-4.4.1/lib/jekyll/liquid_renderer/file.rb:59:in `measure_counts'
	from /home/kali/.local/share/gem/gems/jekyll-4.4.1/lib/jekyll/liquid_renderer/file.rb:38:in `block (2 levels) in render!'
	from /home/kali/.local/share/gem/gems/jekyll-4.4.1/lib/jekyll/liquid_renderer/file.rb:63:in `measure_bytes'
	from /home/kali/.local/share/gem/gems/jekyll-4.4.1/lib/jekyll/liquid_renderer/file.rb:37:in `block in render!'
	from /home/kali/.local/share/gem/gems/jekyll-4.4.1/lib/jekyll/liquid_renderer/file.rb:70:in `measure_time'
	from /home/kali/.local/share/gem/gems/jekyll-4.4.1/lib/jekyll/liquid_renderer/file.rb:36:in `render!'
	from /home/kali/.local/share/gem/gems/jekyll-4.4.1/lib/jekyll/inclusion.rb:16:in `render'
	from /home/kali/.local/share/gem/gems/jekyll-4.4.1/lib/jekyll/tags/include.rb:208:in `block in render'
	from /home/kali/.local/share/gem/gems/liquid-4.0.4/lib/liquid/context.rb:123:in `stack'
	from /home/kali/.local/share/gem/gems/jekyll-4.4.1/lib/jekyll/tags/include.rb:206:in `render'
	from /home/kali/.local/share/gem/gems/liquid-4.0.4/lib/liquid/block_body.rb:103:in `render_node_to_output'
	from /home/kali/.local/share/gem/gems/liquid-4.0.4/lib/liquid/block_body.rb:91:in `render'
	from /home/kali/.local/share/gem/gems/liquid-4.0.4/lib/liquid/template.rb:206:in `block in render'
	from /home/kali/.local/share/gem/gems/liquid-4.0.4/lib/liquid/template.rb:240:in `with_profiling'
	from /home/kali/.local/share/gem/gems/liquid-4.0.4/lib/liquid/template.rb:205:in `render'
	from /home/kali/.local/share/gem/gems/liquid-4.0.4/lib/liquid/template.rb:218:in `render!'
	from /home/kali/.local/share/gem/gems/jekyll-4.4.1/lib/jekyll/liquid_renderer/file.rb:39:in `block (3 levels) in render!'
	from /home/kali/.local/share/gem/gems/jekyll-4.4.1/lib/jekyll/liquid_renderer/file.rb:59:in `measure_counts'
	from /home/kali/.local/share/gem/gems/jekyll-4.4.1/lib/jekyll/liquid_renderer/file.rb:38:in `block (2 levels) in render!'
	from /home/kali/.local/share/gem/gems/jekyll-4.4.1/lib/jekyll/liquid_renderer/file.rb:63:in `measure_bytes'
	from /home/kali/.local/share/gem/gems/jekyll-4.4.1/lib/jekyll/liquid_renderer/file.rb:37:in `block in render!'
	from /home/kali/.local/share/gem/gems/jekyll-4.4.1/lib/jekyll/liquid_renderer/file.rb:70:in `measure_time'
	from /home/kali/.local/share/gem/gems/jekyll-4.4.1/lib/jekyll/liquid_renderer/file.rb:36:in `render!'
	from /home/kali/.local/share/gem/gems/jekyll-4.4.1/lib/jekyll/renderer.rb:129:in `render_liquid'
	from /home/kali/.local/share/gem/gems/jekyll-4.4.1/lib/jekyll/renderer.rb:192:in `render_layout'
	from /home/kali/.local/share/gem/gems/jekyll-4.4.1/lib/jekyll/renderer.rb:161:in `place_in_layouts'
	from /home/kali/.local/share/gem/gems/jekyll-4.4.1/lib/jekyll/renderer.rb:93:in `render_document'
	from /home/kali/.local/share/gem/gems/jekyll-4.4.1/lib/jekyll/renderer.rb:63:in `run'
	from /home/kali/.local/share/gem/gems/jekyll-4.4.1/lib/jekyll/site.rb:572:in `render_regenerated'
	from /home/kali/.local/share/gem/gems/jekyll-4.4.1/lib/jekyll/site.rb:564:in `block in render_pages'
	from /home/kali/.local/share/gem/gems/jekyll-4.4.1/lib/jekyll/site.rb:563:in `each'
	from /home/kali/.local/share/gem/gems/jekyll-4.4.1/lib/jekyll/site.rb:563:in `render_pages'
	from /home/kali/.local/share/gem/gems/jekyll-4.4.1/lib/jekyll/site.rb:211:in `render'
	from /home/kali/.local/share/gem/gems/jekyll-4.4.1/lib/jekyll/site.rb:80:in `process'
	from /home/kali/.local/share/gem/gems/jekyll-4.4.1/lib/jekyll/command.rb:28:in `process_site'
	from /home/kali/.local/share/gem/gems/jekyll-4.4.1/lib/jekyll/commands/build.rb:65:in `build'
	from /home/kali/.local/share/gem/gems/jekyll-4.4.1/lib/jekyll/commands/build.rb:36:in `process'
	from /home/kali/.local/share/gem/gems/jekyll-4.4.1/lib/jekyll/command.rb:91:in `block in process_with_graceful_fail'
	from /home/kali/.local/share/gem/gems/jekyll-4.4.1/lib/jekyll/command.rb:91:in `each'
	from /home/kali/.local/share/gem/gems/jekyll-4.4.1/lib/jekyll/command.rb:91:in `process_with_graceful_fail'
	from /home/kali/.local/share/gem/gems/jekyll-4.4.1/lib/jekyll/commands/build.rb:18:in `block (2 levels) in init_with_program'
	from /home/kali/.local/share/gem/gems/mercenary-0.4.0/lib/mercenary/command.rb:221:in `block in execute'
	from /home/kali/.local/share/gem/gems/mercenary-0.4.0/lib/mercenary/command.rb:221:in `each'
	from /home/kali/.local/share/gem/gems/mercenary-0.4.0/lib/mercenary/command.rb:221:in `execute'
	from /home/kali/.local/share/gem/gems/mercenary-0.4.0/lib/mercenary/program.rb:44:in `go'
	from /home/kali/.local/share/gem/gems/mercenary-0.4.0/lib/mercenary.rb:21:in `program'
	from /home/kali/.local/share/gem/gems/jekyll-4.4.1/exe/jekyll:15:in `<top (required)>'
	from /usr/lib/ruby/vendor_ruby/rubygems.rb:305:in `load'
	from /usr/lib/ruby/vendor_ruby/rubygems.rb:305:in `activate_and_load_bin_path'
	from /home/kali/.local/share/gem/bin/jekyll:25:in `<top (required)>'
	from /home/kali/.local/share/gem/gems/bundler-4.0.18/lib/bundler/cli/exec.rb:61:in `load'
	from /home/kali/.local/share/gem/gems/bundler-4.0.18/lib/bundler/cli/exec.rb:61:in `kernel_load'
	from /home/kali/.local/share/gem/gems/bundler-4.0.18/lib/bundler/cli/exec.rb:24:in `run'
	from /home/kali/.local/share/gem/gems/bundler-4.0.18/lib/bundler/cli.rb:509:in `exec'
	from /home/kali/.local/share/gem/gems/bundler-4.0.18/lib/bundler/vendor/thor/lib/thor/command.rb:28:in `run'
	from /home/kali/.local/share/gem/gems/bundler-4.0.18/lib/bundler/vendor/thor/lib/thor/invocation.rb:127:in `invoke_command'
	from /home/kali/.local/share/gem/gems/bundler-4.0.18/lib/bundler/vendor/thor/lib/thor.rb:538:in `dispatch'
	from /home/kali/.local/share/gem/gems/bundler-4.0.18/lib/bundler/cli.rb:35:in `dispatch'
	from /home/kali/.local/share/gem/gems/bundler-4.0.18/lib/bundler/vendor/thor/lib/thor/base.rb:584:in `start'
	from /home/kali/.local/share/gem/gems/bundler-4.0.18/lib/bundler/cli.rb:29:in `start'
	from /home/kali/.local/share/gem/gems/bundler-4.0.18/exe/bundle:28:in `block in <top (required)>'
	from /home/kali/.local/share/gem/gems/bundler-4.0.18/lib/bundler/friendly_errors.rb:118:in `with_friendly_errors'
	from /home/kali/.local/share/gem/gems/bundler-4.0.18/exe/bundle:20:in `<top (required)>'
	from /usr/lib/ruby/vendor_ruby/rubygems.rb:305:in `load'
	from /usr/lib/ruby/vendor_ruby/rubygems.rb:305:in `activate_and_load_bin_path'
	from /home/kali/.local/share/gem/bin/bundle:25:in `<main>'
